1592229149099	mozrunner::runner	INFO	Running command: "/usr/bin/firefox" "-marionette" "-foreground" "-no-remote" "-profile" "/tmp/rust_mozprofilexhrlnh"
1592229149436	addons.webextension.doh-rollout@mozilla.org	WARN	Loading extension 'doh-rollout@mozilla.org': Reading manifest: Invalid extension permission: networkStatus
1592229149863	addons.webextension.screenshots@mozilla.org	WARN	Loading extension 'screenshots@mozilla.org': Reading manifest: Invalid extension permission: mozillaAddons
1592229149864	addons.webextension.screenshots@mozilla.org	WARN	Loading extension 'screenshots@mozilla.org': Reading manifest: Invalid extension permission: telemetry
1592229149864	addons.webextension.screenshots@mozilla.org	WARN	Loading extension 'screenshots@mozilla.org': Reading manifest: Invalid extension permission: resource://pdf.js/
1592229149864	addons.webextension.screenshots@mozilla.org	WARN	Loading extension 'screenshots@mozilla.org': Reading manifest: Invalid extension permission: about:reader*
1592229151125	Marionette	INFO	Listening on port 33013
1592229151409	Marionette	WARN	TLS certificate errors will be ignored for this session
console.warn: "Inspector destroyed while executing onReflow callback"
console.error: "Exception while getting unique selector" (new Error("Connection closed, pending request to server0.conn0.child2/domnode27, type getUniqueSelector failed\n\nRequest stack:\nrequest@resource://devtools/shared/protocol/Front.js:256:14\ngenerateRequestMethods/</frontProto[name]@resource://devtools/shared/protocol/Front/FrontClassWithSpec.js:47:19\n_create/<@resource://devtools/client/inspector/rules/views/rule-editor.js:197:48\n_create@resource://devtools/client/inspector/rules/views/rule-editor.js:224:20\nRuleEditor@resource://devtools/client/inspector/rules/views/rule-editor.js:85:8\n_createEditors@resource://devtools/client/inspector/rules/rules.js:1192:23\n_populate/<@resource://devtools/client/inspector/rules/rules.js:975:37\n", "resource://devtools/shared/protocol/Front.js", 77))
console.error: "Exception while getting unique selector" (new Error("Connection closed, pending request to server0.conn0.child2/domnode164, type getUniqueSelector failed\n\nRequest stack:\nrequest@resource://devtools/shared/protocol/Front.js:256:14\ngenerateRequestMethods/</frontProto[name]@resource://devtools/shared/protocol/Front/FrontClassWithSpec.js:47:19\n_create/<@resource://devtools/client/inspector/rules/views/rule-editor.js:197:48\n_create@resource://devtools/client/inspector/rules/views/rule-editor.js:224:20\nRuleEditor@resource://devtools/client/inspector/rules/views/rule-editor.js:85:8\n_createEditors@resource://devtools/client/inspector/rules/rules.js:1192:23\n_populate/<@resource://devtools/client/inspector/rules/rules.js:975:37\n", "resource://devtools/shared/protocol/Front.js", 77))
console.warn: LoginRecipes: "getRecipes: falling back to a synchronous message for:" "https://www.youtube.com"
1592229304424	mozrunner::runner	INFO	Running command: "/usr/bin/firefox" "-marionette" "-foreground" "-no-remote" "-profile" "/tmp/rust_mozprofile9jTJ4Y"
1592229304747	addons.webextension.doh-rollout@mozilla.org	WARN	Loading extension 'doh-rollout@mozilla.org': Reading manifest: Invalid extension permission: networkStatus
1592229305151	addons.webextension.screenshots@mozilla.org	WARN	Loading extension 'screenshots@mozilla.org': Reading manifest: Invalid extension permission: mozillaAddons
1592229305152	addons.webextension.screenshots@mozilla.org	WARN	Loading extension 'screenshots@mozilla.org': Reading manifest: Invalid extension permission: telemetry
1592229305152	addons.webextension.screenshots@mozilla.org	WARN	Loading extension 'screenshots@mozilla.org': Reading manifest: Invalid extension permission: resource://pdf.js/
1592229305152	addons.webextension.screenshots@mozilla.org	WARN	Loading extension 'screenshots@mozilla.org': Reading manifest: Invalid extension permission: about:reader*
1592229306679	Marionette	INFO	Listening on port 35093
1592229306730	Marionette	WARN	TLS certificate errors will be ignored for this session
console.warn: LoginRecipes: "getRecipes: falling back to a synchronous message for:" "https://www.youtube.com"
1592229403806	mozrunner::runner	INFO	Running command: "/usr/bin/firefox" "-marionette" "-foreground" "-no-remote" "-profile" "/tmp/rust_mozprofileiBUol1"
1592229404124	addons.webextension.doh-rollout@mozilla.org	WARN	Loading extension 'doh-rollout@mozilla.org': Reading manifest: Invalid extension permission: networkStatus
1592229404533	addons.webextension.screenshots@mozilla.org	WARN	Loading extension 'screenshots@mozilla.org': Reading manifest: Invalid extension permission: mozillaAddons
1592229404533	addons.webextension.screenshots@mozilla.org	WARN	Loading extension 'screenshots@mozilla.org': Reading manifest: Invalid extension permission: telemetry
1592229404533	addons.webextension.screenshots@mozilla.org	WARN	Loading extension 'screenshots@mozilla.org': Reading manifest: Invalid extension permission: resource://pdf.js/
1592229404533	addons.webextension.screenshots@mozilla.org	WARN	Loading extension 'screenshots@mozilla.org': Reading manifest: Invalid extension permission: about:reader*
1592229406063	Marionette	INFO	Listening on port 46715
1592229406113	Marionette	WARN	TLS certificate errors will be ignored for this session

###!!! [Child][RunMessage] Error: Channel closing: too late to send/recv, messages will be lost


###!!! [Child][RunMessage] Error: Channel closing: too late to send/recv, messages will be lost

1592229411684	Marionette	INFO	Stopped listening on port 35093
console.warn: LoginRecipes: "getRecipes: falling back to a synchronous message for:" "https://www.youtube.com"
console.warn: LoginRecipes: "getRecipes: falling back to a synchronous message for:" "https://www.youtube.com"
console.warn: LoginRecipes: "getRecipes: falling back to a synchronous message for:" "https://www.youtube.com"
1592229553259	mozrunner::runner	INFO	Running command: "/usr/bin/firefox" "-marionette" "-foreground" "-no-remote" "-profile" "/tmp/rust_mozprofile3TLKMa"
1592229553556	addons.webextension.doh-rollout@mozilla.org	WARN	Loading extension 'doh-rollout@mozilla.org': Reading manifest: Invalid extension permission: networkStatus
1592229553967	addons.webextension.screenshots@mozilla.org	WARN	Loading extension 'screenshots@mozilla.org': Reading manifest: Invalid extension permission: mozillaAddons
1592229553967	addons.webextension.screenshots@mozilla.org	WARN	Loading extension 'screenshots@mozilla.org': Reading manifest: Invalid extension permission: telemetry
1592229553968	addons.webextension.screenshots@mozilla.org	WARN	Loading extension 'screenshots@mozilla.org': Reading manifest: Invalid extension permission: resource://pdf.js/
1592229553968	addons.webextension.screenshots@mozilla.org	WARN	Loading extension 'screenshots@mozilla.org': Reading manifest: Invalid extension permission: about:reader*
1592229555181	Marionette	INFO	Listening on port 35559
1592229555362	Marionette	WARN	TLS certificate errors will be ignored for this session
1592229583044	Marionette	INFO	Stopped listening on port 35559
console.error: (new TypeError("currentNode is null", "resource://devtools/client/inspector/shared/style-change-tracker.js", 66))
TypeError: currentNode is null: canMutationImpactCurrentStyles@resource://devtools/client/inspector/shared/style-change-tracker.js:66:20
onMutations@resource://devtools/client/inspector/shared/style-change-tracker.js:84:41
_emit@resource://devtools/shared/event-emitter.js:226:34
emit@resource://devtools/shared/event-emitter.js:172:18
emit@resource://devtools/shared/event-emitter.js:324:18
getMutations@resource://devtools/client/fronts/walker.js:402:10

[Parent 12275, Gecko_IOThread] WARNING: FileDescriptorSet destroyed with unconsumed descriptors: file /build/firefox-4NVViI/firefox-76.0.1+build1/ipc/chromium/src/chrome/common/file_descriptor_set_posix.cc, line 19
[Parent 12275, Gecko_IOThread] WARNING: FileDescriptorSet destroyed with unconsumed descriptors: file /build/firefox-4NVViI/firefox-76.0.1+build1/ipc/chromium/src/chrome/common/file_descriptor_set_posix.cc, line 19
[Parent 12275, Gecko_IOThread] WARNING: FileDescriptorSet destroyed with unconsumed descriptors: file /build/firefox-4NVViI/firefox-76.0.1+build1/ipc/chromium/src/chrome/common/file_descriptor_set_posix.cc, line 19
[Parent 12275, Gecko_IOThread] WARNING: FileDescriptorSet destroyed with unconsumed descriptors: file /build/firefox-4NVViI/firefox-76.0.1+build1/ipc/chromium/src/chrome/common/file_descriptor_set_posix.cc, line 19
[Parent 12275, Gecko_IOThread] WARNING: FileDescriptorSet destroyed with unconsumed descriptors: file /build/firefox-4NVViI/firefox-76.0.1+build1/ipc/chromium/src/chrome/common/file_descriptor_set_posix.cc, line 19
[Parent 12275, Gecko_IOThread] WARNING: FileDescriptorSet destroyed with unconsumed descriptors: file /build/firefox-4NVViI/firefox-76.0.1+build1/ipc/chromium/src/chrome/common/file_descriptor_set_posix.cc, line 19
A content process crashed and MOZ_CRASHREPORTER_SHUTDOWN is set, shutting down
1592321816304	Marionette	INFO	Stopped listening on port 46715
[Parent 11456, Gecko_IOThread] WARNING: FileDescriptorSet destroyed with unconsumed descriptors: file /build/firefox-4NVViI/firefox-76.0.1+build1/ipc/chromium/src/chrome/common/file_descriptor_set_posix.cc, line 19
[Parent 11456, Gecko_IOThread] WARNING: FileDescriptorSet destroyed with unconsumed descriptors: file /build/firefox-4NVViI/firefox-76.0.1+build1/ipc/chromium/src/chrome/common/file_descriptor_set_posix.cc, line 19
[Parent 11456, Gecko_IOThread] WARNING: FileDescriptorSet destroyed with unconsumed descriptors: file /build/firefox-4NVViI/firefox-76.0.1+build1/ipc/chromium/src/chrome/common/file_descriptor_set_posix.cc, line 19
[Parent 11456, Gecko_IOThread] WARNING: FileDescriptorSet destroyed with unconsumed descriptors: file /build/firefox-4NVViI/firefox-76.0.1+build1/ipc/chromium/src/chrome/common/file_descriptor_set_posix.cc, line 19
[Parent 11456, Gecko_IOThread] WARNING: FileDescriptorSet destroyed with unconsumed descriptors: file /build/firefox-4NVViI/firefox-76.0.1+build1/ipc/chromium/src/chrome/common/file_descriptor_set_posix.cc, line 19
[Parent 11456, Gecko_IOThread] WARNING: FileDescriptorSet destroyed with unconsumed descriptors: file /build/firefox-4NVViI/firefox-76.0.1+build1/ipc/chromium/src/chrome/common/file_descriptor_set_posix.cc, line 19

###!!! [Parent][MessageChannel] Error: (msgtype=0xB8000A,name=PWindowGlobal::Msg_RawMessage) Channel error: cannot send/recv


###!!! [Parent][MessageChannel] Error: (msgtype=0x20009B,name=PBrowser::Msg_RenderLayers) Channel error: cannot send/recv


###!!! [Parent][MessageChannel] Error: (msgtype=0x20009A,name=PBrowser::Msg_SetDocShellIsActive) Channel error: cannot send/recv


###!!! [Parent][MessageChannel] Error: (msgtype=0x38005A,name=PContent::Msg_Activate) Channel error: cannot send/recv


###!!! [Parent][MessageChannel] Error: (msgtype=0x20007C,name=PBrowser::Msg_StopIMEStateManagement) Channel error: cannot send/recv


###!!! [Parent][MessageChannel] Error: (msgtype=0x38005B,name=PContent::Msg_Deactivate) Channel error: cannot send/recv


###!!! [Parent][MessageChannel] Error: (msgtype=0x38005B,name=PContent::Msg_Deactivate) Channel error: cannot send/recv


###!!! [Parent][MessageChannel] Error: (msgtype=0x200074,name=PBrowser::Msg_UpdateDimensions) Channel error: cannot send/recv

A content process crashed and MOZ_CRASHREPORTER_SHUTDOWN is set, shutting down
1592321817162	Marionette	INFO	Stopped listening on port 33013
